../Core/Src/main.c:229:6:HAL_TIM_PWM_PulseFinishedCallback	16	static
../Core/Src/main.c:234:6:writeLEDs	24	static
../Core/Src/main.c:257:6:HAL_TIM_PeriodElapsedCallback	16	static
../Core/Src/main.c:264:6:stateProcessing	4	static
../Core/Src/main.c:267:6:stateAwait	4	static
../Core/Src/main.c:270:6:stateReceived	4	static
../Core/Src/main.c:273:6:stateSent	4	static
../Core/Src/main.c:276:6:stateFailure	4	static
../Core/Src/main.c:279:6:handleStore	16	static
../Core/Src/main.c:298:6:handleSend	16	static
../Core/Src/main.c:317:6:updateLager	16	static
../Core/Src/main.c:325:6:animateSend	24	static
../Core/Src/main.c:335:6:animateReceive	24	static
../Core/Src/main.c:345:6:animateCreate	24	static
../Core/Src/main.c:374:6:animateDeliver	24	static
../Core/Src/main.c:384:6:pulse	16	static
../Core/Src/main.c:401:6:checkFailure	24	static
../Core/Src/main.c:479:6:resetData	4	static
../Core/Src/main.c:497:6:std	4	static
../Core/Src/main.c:615:6:pat	8	static
../Core/Src/main.c:680:5:main	16	static
../Core/Src/main.c:762:6:SystemClock_Config	88	static
../Core/Src/main.c:809:13:MX_TIM2_Init	64	static
../Core/Src/main.c:868:13:MX_TIM3_Init	32	static
../Core/Src/main.c:913:13:MX_USART1_UART_Init	8	static
../Core/Src/main.c:946:13:MX_USART2_UART_Init	8	static
../Core/Src/main.c:977:13:MX_DMA_Init	16	static
../Core/Src/main.c:995:13:MX_GPIO_Init	48	static
../Core/Src/main.c:1062:6:HAL_UART_RxCpltCallback	24	static
../Core/Src/main.c:1074:6:HAL_UART_TxCpltCallback	16	static
../Core/Src/main.c:1080:6:HAL_GPIO_EXTI_Callback	16	static
../Core/Src/main.c:1113:6:L1_receive	40	static
../Core/Src/main.c:1123:6:L2_receive	40	static
../Core/Src/main.c:1138:6:L3_receive	32	static
../Core/Src/main.c:1158:6:L7_receive	40	static
../Core/Src/main.c:1225:6:L7_send	32	static
../Core/Src/main.c:1237:6:L3_send	40	static
../Core/Src/main.c:1251:6:L2_send	40	static
../Core/Src/main.c:1266:6:L1_send	24	static
../Core/Src/main.c:1280:6:ApNr_42	24	static
../Core/Src/main.c:1301:6:ApNr_43	24	static
../Core/Src/main.c:1321:6:ApNr_50	24	static
../Core/Src/main.c:1338:6:ApNr_100	24	static
../Core/Src/main.c:1353:6:ApNr_101	16	static
../Core/Src/main.c:1360:6:ApNr_102	24	static
../Core/Src/main.c:1370:6:ApNr_103	24	static
../Core/Src/main.c:1378:5:crcSlow	32	static
../Core/Src/main.c:1407:6:Error_Handler	4	static,ignoring_inline_asm
