../Core/Src/main.c:128:5:main	8	static
../Core/Src/main.c:179:6:SystemClock_Config	88	static
../Core/Src/main.c:226:13:MX_USART2_UART_Init	8	static
../Core/Src/main.c:259:13:MX_GPIO_Init	48	static
../Core/Src/main.c:298:6:HAL_UART_RxCpltCallback	24	static
../Core/Src/main.c:309:6:HAL_UART_TxCpltCallback	16	static
../Core/Src/main.c:315:6:HAL_GPIO_EXTI_Callback	16	static
../Core/Src/main.c:326:6:L1_receive	40	static
../Core/Src/main.c:336:6:L2_receive	40	static
../Core/Src/main.c:351:6:L3_receive	32	static
../Core/Src/main.c:369:6:L7_receive	40	static
../Core/Src/main.c:412:6:L7_send	32	static
../Core/Src/main.c:424:6:L3_send	40	static
../Core/Src/main.c:438:6:L2_send	40	static
../Core/Src/main.c:453:6:L1_send	24	static
../Core/Src/main.c:468:6:ApNr_100	24	static
../Core/Src/main.c:483:6:ApNr_101	16	static
../Core/Src/main.c:490:6:ApNr_102	24	static
../Core/Src/main.c:500:6:ApNr_103	24	static
../Core/Src/main.c:508:5:crcSlow	32	static
../Core/Src/main.c:537:6:Error_Handler	4	static,ignoring_inline_asm
